../Core/Src/main.c:69:6:Servo_SetAngle	24	static
../Core/Src/main.c:76:6:Door_Lock	8	static
../Core/Src/main.c:82:6:Door_Unlock	8	static
../Core/Src/main.c:97:6:send_event	16	static
../Core/Src/main.c:103:20:buzzer_set_freq	24	static
../Core/Src/main.c:114:20:buzzer_off	4	static
../Core/Src/main.c:118:13:play_tone	16	static
../Core/Src/main.c:125:6:chime_ok	8	static
../Core/Src/main.c:131:6:chime_error	8	static
../Core/Src/main.c:141:5:main	56	static
../Core/Src/main.c:205:6:SystemClock_Config	96	static
../Core/Src/main.c:258:6:Error_Handler	4	static,ignoring_inline_asm
